[IF_JV_Race] year=2016 rows=6393
[IF_JV_Race] year=2017 rows=6438
[IF_JV_Race] year=2018 rows=6317
[IF_JV_Race] year=2019 rows=6396
[IF_JV_Race] year=2020 rows=6297
[IF_JV_Race] year=2021 rows=6199
[IF_JV_Race] year=2022 rows=6472
[IF_JV_Race] year=2023 rows=6237
[IF_JV_Race] year=2024 rows=5956
[IF_JV_Race] year=2025 rows=4628
[IF_JV_RaceUma] year=2016 rows=79062
[IF_JV_RaceUma] year=2017 rows=78049
[IF_JV_RaceUma] year=2018 rows=76981
[IF_JV_RaceUma] year=2019 rows=77082
[IF_JV_RaceUma] year=2020 rows=76955
[IF_JV_RaceUma] year=2021 rows=75866
[IF_JV_RaceUma] year=2022 rows=77396
[IF_JV_RaceUma] year=2023 rows=75431
[IF_JV_RaceUma] year=2024 rows=72549
[IF_JV_RaceUma] year=2025 rows=59480
[IF_JV_Pay] year=2016 rows=3454
[IF_JV_Pay] year=2017 rows=3455
[IF_JV_Pay] year=2018 rows=3454
[IF_JV_Pay] year=2019 rows=3452
[IF_JV_Pay] year=2020 rows=3456
[IF_JV_Pay] year=2021 rows=3456
[IF_JV_Pay] year=2022 rows=3456
[IF_JV_Pay] year=2023 rows=3456
[IF_JV_Pay] year=2024 rows=3454
[IF_JV_Pay] year=2025 rows=3407
[IF_JV_Win5Target] year=2016 rows=280
[IF_JV_Win5Target] year=2017 rows=285
[IF_JV_Win5Target] year=2018 rows=285
[IF_JV_Win5Target] year=2019 rows=285
[IF_JV_Win5Target] year=2020 rows=285
[IF_JV_Win5Target] year=2021 rows=275
[IF_JV_Win5Target] year=2022 rows=285
[IF_JV_Win5Target] year=2023 rows=280
[IF_JV_Win5Target] year=2024 rows=260
[IF_JV_Win5Target] year=2025 rows=245
[IF_JV_HorsePedigree] missing horse_ids=14912
[IF_JV_HorsePedigree] batch=1000 inserted=0
[IF_JV_HorsePedigree] batch=1000 inserted=0
[IF_JV_HorsePedigree] batch=1000 inserted=0
[IF_JV_HorsePedigree] batch=1000 inserted=0
[IF_JV_HorsePedigree] batch=1000 inserted=0
[IF_JV_HorsePedigree] batch=1000 inserted=0
[IF_JV_HorsePedigree] batch=1000 inserted=0
[IF_JV_HorsePedigree] batch=1000 inserted=0
[IF_JV_HorsePedigree] batch=1000 inserted=0
[IF_JV_HorsePedigree] batch=1000 inserted=0
[IF_JV_HorsePedigree] batch=1000 inserted=0
[IF_JV_HorsePedigree] batch=1000 inserted=0
[IF_JV_HorsePedigree] batch=1000 inserted=0
[IF_JV_HorsePedigree] batch=1000 inserted=0
[IF_JV_HorsePedigree] batch=912 inserted=0
